[0.376s] DEBUG:colcon:Command line arguments: ['/usr/bin/colcon', 'build', '--packages-select', 'diffdrive_robot']
[0.376s] DEBUG:colcon:Parsed command line arguments: Namespace(log_base=None, log_level=None, verb_name='build', build_base='build', install_base='install', merge_install=False, symlink_install=False, test_result_base=None, continue_on_error=False, executor='parallel', parallel_workers=28, event_handlers=None, ignore_user_meta=False, metas=['./colcon.meta'], base_paths=['.'], packages_ignore=None, packages_ignore_regex=None, paths=None, packages_up_to=None, packages_up_to_regex=None, packages_above=None, packages_above_and_dependencies=None, packages_above_depth=None, packages_select_by_dep=None, packages_skip_by_dep=None, packages_skip_up_to=None, packages_select_build_failed=False, packages_skip_build_finished=False, packages_select_test_failures=False, packages_skip_test_passed=False, packages_select=['diffdrive_robot'], packages_skip=None, packages_select_regex=None, packages_skip_regex=None, packages_start=None, packages_end=None, allow_overriding=[], cmake_args=None, cmake_target=None, cmake_target_skip_unavailable=False, cmake_clean_cache=False, cmake_clean_first=False, cmake_force_configure=False, ament_cmake_args=None, catkin_cmake_args=None, catkin_skip_building_tests=False, mixin_files=None, mixin=None, verb_parser=<colcon_mixin.mixin.mixin_argument.MixinArgumentDecorator object at 0x7437f01a95e0>, verb_extension=<colcon_core.verb.build.BuildVerb object at 0x7437f02d20c0>, main=<bound method BuildVerb.main of <colcon_core.verb.build.BuildVerb object at 0x7437f02d20c0>>, mixin_verb=('build',))
[0.493s] Level 1:colcon.colcon_core.package_discovery:discover_packages(colcon_meta) check parameters
[0.493s] Level 1:colcon.colcon_core.package_discovery:discover_packages(recursive) check parameters
[0.494s] Level 1:colcon.colcon_core.package_discovery:discover_packages(ignore) check parameters
[0.494s] Level 1:colcon.colcon_core.package_discovery:discover_packages(path) check parameters
[0.494s] Level 1:colcon.colcon_core.package_discovery:discover_packages(colcon_meta) discover
[0.494s] Level 1:colcon.colcon_core.package_discovery:discover_packages(recursive) discover
[0.494s] INFO:colcon.colcon_core.package_discovery:Crawling recursively for packages in '/home/zaid/diffdrive_ws/src/diffdrive_robot'
[0.494s] Level 1:colcon.colcon_core.package_identification:_identify(.) by extensions ['ignore', 'ignore_ament_install']
[0.495s] Level 1:colcon.colcon_core.package_identification:_identify(.) by extension 'ignore'
[0.495s] Level 1:colcon.colcon_core.package_identification:_identify(.) by extension 'ignore_ament_install'
[0.495s] Level 1:colcon.colcon_core.package_identification:_identify(.) by extensions ['colcon_pkg']
[0.495s] Level 1:colcon.colcon_core.package_identification:_identify(.) by extension 'colcon_pkg'
[0.495s] Level 1:colcon.colcon_core.package_identification:_identify(.) by extensions ['colcon_meta']
[0.495s] Level 1:colcon.colcon_core.package_identification:_identify(.) by extension 'colcon_meta'
[0.495s] Level 1:colcon.colcon_core.package_identification:_identify(.) by extensions ['ros']
[0.495s] Level 1:colcon.colcon_core.package_identification:_identify(.) by extension 'ros'
[0.585s] DEBUG:colcon.colcon_core.package_identification:Package '.' with type 'ros.ament_python' and name 'diffdrive_robot'
[0.586s] Level 1:colcon.colcon_core.package_discovery:discover_packages(recursive) using defaults
[0.586s] Level 1:colcon.colcon_core.package_discovery:discover_packages(ignore) discover
[0.586s] Level 1:colcon.colcon_core.package_discovery:discover_packages(ignore) using defaults
[0.586s] Level 1:colcon.colcon_core.package_discovery:discover_packages(path) discover
[0.586s] Level 1:colcon.colcon_core.package_discovery:discover_packages(path) using defaults
[0.642s] Level 1:colcon.colcon_core.package_discovery:discover_packages(prefix_path) check parameters
[0.642s] Level 1:colcon.colcon_core.package_discovery:discover_packages(prefix_path) discover
[0.651s] DEBUG:colcon.colcon_installed_package_information.package_discovery:Found 397 installed packages in /opt/ros/jazzy
[0.656s] Level 1:colcon.colcon_core.package_discovery:discover_packages(prefix_path) using defaults
[0.786s] Level 5:colcon.colcon_core.verb:set package 'diffdrive_robot' build argument 'cmake_args' from command line to 'None'
[0.787s] Level 5:colcon.colcon_core.verb:set package 'diffdrive_robot' build argument 'cmake_target' from command line to 'None'
[0.787s] Level 5:colcon.colcon_core.verb:set package 'diffdrive_robot' build argument 'cmake_target_skip_unavailable' from command line to 'False'
[0.787s] Level 5:colcon.colcon_core.verb:set package 'diffdrive_robot' build argument 'cmake_clean_cache' from command line to 'False'
[0.787s] Level 5:colcon.colcon_core.verb:set package 'diffdrive_robot' build argument 'cmake_clean_first' from command line to 'False'
[0.787s] Level 5:colcon.colcon_core.verb:set package 'diffdrive_robot' build argument 'cmake_force_configure' from command line to 'False'
[0.787s] Level 5:colcon.colcon_core.verb:set package 'diffdrive_robot' build argument 'ament_cmake_args' from command line to 'None'
[0.787s] Level 5:colcon.colcon_core.verb:set package 'diffdrive_robot' build argument 'catkin_cmake_args' from command line to 'None'
[0.787s] Level 5:colcon.colcon_core.verb:set package 'diffdrive_robot' build argument 'catkin_skip_building_tests' from command line to 'False'
[0.787s] DEBUG:colcon.colcon_core.verb:Building package 'diffdrive_robot' with the following arguments: {'ament_cmake_args': None, 'build_base': '/home/zaid/diffdrive_ws/src/diffdrive_robot/build/diffdrive_robot', 'catkin_cmake_args': None, 'catkin_skip_building_tests': False, 'cmake_args': None, 'cmake_clean_cache': False, 'cmake_clean_first': False, 'cmake_force_configure': False, 'cmake_target': None, 'cmake_target_skip_unavailable': False, 'install_base': '/home/zaid/diffdrive_ws/src/diffdrive_robot/install/diffdrive_robot', 'merge_install': False, 'path': '/home/zaid/diffdrive_ws/src/diffdrive_robot', 'symlink_install': False, 'test_result_base': None}
[0.787s] INFO:colcon.colcon_core.executor:Executing jobs using 'parallel' executor
[0.789s] DEBUG:colcon.colcon_parallel_executor.executor.parallel:run_until_complete
[0.789s] INFO:colcon.colcon_ros.task.ament_python.build:Building ROS package in '/home/zaid/diffdrive_ws/src/diffdrive_robot' with build type 'ament_python'
[0.790s] Level 1:colcon.colcon_core.shell:create_environment_hook('diffdrive_robot', 'ament_prefix_path')
[0.792s] INFO:colcon.colcon_core.plugin_system:Skipping extension 'colcon_core.shell.bat': Not used on non-Windows systems
[0.793s] INFO:colcon.colcon_core.shell:Creating environment hook '/home/zaid/diffdrive_ws/src/diffdrive_robot/install/diffdrive_robot/share/diffdrive_robot/hook/ament_prefix_path.ps1'
[0.794s] INFO:colcon.colcon_core.shell:Creating environment descriptor '/home/zaid/diffdrive_ws/src/diffdrive_robot/install/diffdrive_robot/share/diffdrive_robot/hook/ament_prefix_path.dsv'
[0.795s] INFO:colcon.colcon_core.shell:Creating environment hook '/home/zaid/diffdrive_ws/src/diffdrive_robot/install/diffdrive_robot/share/diffdrive_robot/hook/ament_prefix_path.sh'
[0.796s] INFO:colcon.colcon_core.shell:Skip shell extension 'powershell' for command environment: Not usable outside of PowerShell
[0.796s] DEBUG:colcon.colcon_core.shell:Skip shell extension 'dsv' for command environment
[1.221s] INFO:colcon.colcon_core.task.python.build:Building Python package in '/home/zaid/diffdrive_ws/src/diffdrive_robot'
[1.222s] INFO:colcon.colcon_core.shell:Skip shell extension 'powershell' for command environment: Not usable outside of PowerShell
[1.222s] DEBUG:colcon.colcon_core.shell:Skip shell extension 'dsv' for command environment
[2.784s] DEBUG:colcon.colcon_core.task.python.build:Available setuptools commands: saveopts, test, upload, build_py, bdist_dumb, install_lib, alias, dist_info, egg_info, install_egg_info, editable_wheel, build, easy_install, setopt, upload_docs, pytest, init_catalog, install_scripts, bdist_egg, install, rotate, build_clib, register, update_catalog, build_scripts, extract_messages, bdist_wheel, symlink_data, clean, build_ext, bdist, check, ptr, bdist_rpm, install_data, compile_catalog, develop, install_headers, sdist
[2.788s] DEBUG:colcon.colcon_core.event_handler.log_command:Invoking command in '/home/zaid/diffdrive_ws/src/diffdrive_robot': DEBUGINFOD_URLS=https://debuginfod.ubuntu.com PYTHONPATH=/home/zaid/diffdrive_ws/src/diffdrive_robot/build/diffdrive_robot/prefix_override:/usr/lib/python3/dist-packages/colcon_core/task/python/colcon_distutils_commands:/home/zaid/diffdrive_ws/src/diffdrive_robot/install/diffdrive_robot/lib/python3.12/site-packages:${PYTHONPATH} /usr/bin/python3 -W ignore:setup.py install is deprecated -W ignore:easy_install command is deprecated setup.py egg_info --egg-base build/diffdrive_robot build --build-base /home/zaid/diffdrive_ws/src/diffdrive_robot/build/diffdrive_robot/build install --record /home/zaid/diffdrive_ws/src/diffdrive_robot/build/diffdrive_robot/install.log --install-scripts $base/lib/diffdrive_robot --single-version-externally-managed install_data
[3.808s] DEBUG:colcon.colcon_core.event_handler.log_command:Invoked command in '/home/zaid/diffdrive_ws/src/diffdrive_robot' returned '0': DEBUGINFOD_URLS=https://debuginfod.ubuntu.com PYTHONPATH=/home/zaid/diffdrive_ws/src/diffdrive_robot/build/diffdrive_robot/prefix_override:/usr/lib/python3/dist-packages/colcon_core/task/python/colcon_distutils_commands:/home/zaid/diffdrive_ws/src/diffdrive_robot/install/diffdrive_robot/lib/python3.12/site-packages:${PYTHONPATH} /usr/bin/python3 -W ignore:setup.py install is deprecated -W ignore:easy_install command is deprecated setup.py egg_info --egg-base build/diffdrive_robot build --build-base /home/zaid/diffdrive_ws/src/diffdrive_robot/build/diffdrive_robot/build install --record /home/zaid/diffdrive_ws/src/diffdrive_robot/build/diffdrive_robot/install.log --install-scripts $base/lib/diffdrive_robot --single-version-externally-managed install_data
[3.810s] Level 1:colcon.colcon_core.environment:checking '/home/zaid/diffdrive_ws/src/diffdrive_robot/install/diffdrive_robot' for CMake module files
[3.811s] Level 1:colcon.colcon_core.environment:checking '/home/zaid/diffdrive_ws/src/diffdrive_robot/install/diffdrive_robot' for CMake config files
[3.811s] Level 1:colcon.colcon_core.environment:checking '/home/zaid/diffdrive_ws/src/diffdrive_robot/install/diffdrive_robot/lib'
[3.812s] Level 1:colcon.colcon_core.environment:checking '/home/zaid/diffdrive_ws/src/diffdrive_robot/install/diffdrive_robot/bin'
[3.812s] Level 1:colcon.colcon_core.environment:checking '/home/zaid/diffdrive_ws/src/diffdrive_robot/install/diffdrive_robot/lib/pkgconfig/diffdrive_robot.pc'
[3.812s] Level 1:colcon.colcon_core.environment:checking '/home/zaid/diffdrive_ws/src/diffdrive_robot/install/diffdrive_robot/lib/python3.12/site-packages'
[3.812s] Level 1:colcon.colcon_core.shell:create_environment_hook('diffdrive_robot', 'pythonpath')
[3.812s] INFO:colcon.colcon_core.shell:Creating environment hook '/home/zaid/diffdrive_ws/src/diffdrive_robot/install/diffdrive_robot/share/diffdrive_robot/hook/pythonpath.ps1'
[3.813s] INFO:colcon.colcon_core.shell:Creating environment descriptor '/home/zaid/diffdrive_ws/src/diffdrive_robot/install/diffdrive_robot/share/diffdrive_robot/hook/pythonpath.dsv'
[3.813s] INFO:colcon.colcon_core.shell:Creating environment hook '/home/zaid/diffdrive_ws/src/diffdrive_robot/install/diffdrive_robot/share/diffdrive_robot/hook/pythonpath.sh'
[3.814s] Level 1:colcon.colcon_core.environment:checking '/home/zaid/diffdrive_ws/src/diffdrive_robot/install/diffdrive_robot/bin'
[3.814s] Level 1:colcon.colcon_core.environment:create_environment_scripts_only(diffdrive_robot)
[3.815s] INFO:colcon.colcon_core.shell:Creating package script '/home/zaid/diffdrive_ws/src/diffdrive_robot/install/diffdrive_robot/share/diffdrive_robot/package.ps1'
[3.816s] INFO:colcon.colcon_core.shell:Creating package descriptor '/home/zaid/diffdrive_ws/src/diffdrive_robot/install/diffdrive_robot/share/diffdrive_robot/package.dsv'
[3.817s] INFO:colcon.colcon_core.shell:Creating package script '/home/zaid/diffdrive_ws/src/diffdrive_robot/install/diffdrive_robot/share/diffdrive_robot/package.sh'
[3.819s] INFO:colcon.colcon_core.shell:Creating package script '/home/zaid/diffdrive_ws/src/diffdrive_robot/install/diffdrive_robot/share/diffdrive_robot/package.bash'
[3.820s] INFO:colcon.colcon_core.shell:Creating package script '/home/zaid/diffdrive_ws/src/diffdrive_robot/install/diffdrive_robot/share/diffdrive_robot/package.zsh'
[3.821s] Level 1:colcon.colcon_core.environment:create_file_with_runtime_dependencies(/home/zaid/diffdrive_ws/src/diffdrive_robot/install/diffdrive_robot/share/colcon-core/packages/diffdrive_robot)
[3.821s] DEBUG:colcon.colcon_parallel_executor.executor.parallel:closing loop
[3.821s] DEBUG:colcon.colcon_parallel_executor.executor.parallel:loop closed
[3.822s] DEBUG:colcon.colcon_parallel_executor.executor.parallel:run_until_complete finished with '0'
[3.822s] DEBUG:colcon.colcon_core.event_reactor:joining thread
[3.832s] INFO:colcon.colcon_core.plugin_system:Skipping extension 'colcon_notification.desktop_notification.terminal_notifier': Not used on non-Darwin systems
[3.833s] INFO:colcon.colcon_core.plugin_system:Skipping extension 'colcon_notification.desktop_notification.win32': Not used on non-Windows systems
[3.833s] INFO:colcon.colcon_notification.desktop_notification:Sending desktop notification using 'notify2'
[3.855s] DEBUG:colcon.colcon_core.event_reactor:joined thread
[3.855s] INFO:colcon.colcon_core.shell:Creating prefix script '/home/zaid/diffdrive_ws/src/diffdrive_robot/install/local_setup.ps1'
[3.857s] INFO:colcon.colcon_core.shell:Creating prefix util module '/home/zaid/diffdrive_ws/src/diffdrive_robot/install/_local_setup_util_ps1.py'
[3.858s] INFO:colcon.colcon_core.shell:Creating prefix chain script '/home/zaid/diffdrive_ws/src/diffdrive_robot/install/setup.ps1'
[3.860s] INFO:colcon.colcon_core.shell:Creating prefix script '/home/zaid/diffdrive_ws/src/diffdrive_robot/install/local_setup.sh'
[3.860s] INFO:colcon.colcon_core.shell:Creating prefix util module '/home/zaid/diffdrive_ws/src/diffdrive_robot/install/_local_setup_util_sh.py'
[3.861s] INFO:colcon.colcon_core.shell:Creating prefix chain script '/home/zaid/diffdrive_ws/src/diffdrive_robot/install/setup.sh'
[3.863s] INFO:colcon.colcon_core.shell:Creating prefix script '/home/zaid/diffdrive_ws/src/diffdrive_robot/install/local_setup.bash'
[3.863s] INFO:colcon.colcon_core.shell:Creating prefix chain script '/home/zaid/diffdrive_ws/src/diffdrive_robot/install/setup.bash'
[3.864s] INFO:colcon.colcon_core.shell:Creating prefix script '/home/zaid/diffdrive_ws/src/diffdrive_robot/install/local_setup.zsh'
[3.865s] INFO:colcon.colcon_core.shell:Creating prefix chain script '/home/zaid/diffdrive_ws/src/diffdrive_robot/install/setup.zsh'
