[2.304s] Invoking command in '/home/zaid/diffdrive_ws/src/diffdrive_robot': DEBUGINFOD_URLS=https://debuginfod.ubuntu.com PYTHONPATH=/home/zaid/diffdrive_ws/src/diffdrive_robot/build/diffdrive_robot/prefix_override:/usr/lib/python3/dist-packages/colcon_core/task/python/colcon_distutils_commands:/home/zaid/diffdrive_ws/src/diffdrive_robot/install/diffdrive_robot/lib/python3.12/site-packages:${PYTHONPATH} /usr/bin/python3 -W ignore:setup.py install is deprecated -W ignore:easy_install command is deprecated setup.py egg_info --egg-base build/diffdrive_robot build --build-base /home/zaid/diffdrive_ws/src/diffdrive_robot/build/diffdrive_robot/build install --record /home/zaid/diffdrive_ws/src/diffdrive_robot/build/diffdrive_robot/install.log --install-scripts $base/lib/diffdrive_robot --single-version-externally-managed install_data
[2.948s] running egg_info
[2.949s] creating build/diffdrive_robot/diffdrive_robot.egg-info
[2.998s] writing build/diffdrive_robot/diffdrive_robot.egg-info/PKG-INFO
[2.998s] writing dependency_links to build/diffdrive_robot/diffdrive_robot.egg-info/dependency_links.txt
[2.999s] writing requirements to build/diffdrive_robot/diffdrive_robot.egg-info/requires.txt
[2.999s] writing top-level names to build/diffdrive_robot/diffdrive_robot.egg-info/top_level.txt
[3.000s] writing manifest file 'build/diffdrive_robot/diffdrive_robot.egg-info/SOURCES.txt'
[3.105s] reading manifest file 'build/diffdrive_robot/diffdrive_robot.egg-info/SOURCES.txt'
[3.107s] writing manifest file 'build/diffdrive_robot/diffdrive_robot.egg-info/SOURCES.txt'
[3.107s] running build
[3.107s] running build_py
[3.108s] creating /home/zaid/diffdrive_ws/src/diffdrive_robot/build/diffdrive_robot/build
[3.108s] creating /home/zaid/diffdrive_ws/src/diffdrive_robot/build/diffdrive_robot/build/lib
[3.108s] creating /home/zaid/diffdrive_ws/src/diffdrive_robot/build/diffdrive_robot/build/lib/diffdrive_robot
[3.109s] copying diffdrive_robot/__init__.py -> /home/zaid/diffdrive_ws/src/diffdrive_robot/build/diffdrive_robot/build/lib/diffdrive_robot
[3.109s] running install
[3.128s] running install_lib
[3.184s] creating /home/zaid/diffdrive_ws/src/diffdrive_robot/install/diffdrive_robot/lib/python3.12/site-packages/diffdrive_robot
[3.184s] copying /home/zaid/diffdrive_ws/src/diffdrive_robot/build/diffdrive_robot/build/lib/diffdrive_robot/__init__.py -> /home/zaid/diffdrive_ws/src/diffdrive_robot/install/diffdrive_robot/lib/python3.12/site-packages/diffdrive_robot
[3.185s] byte-compiling /home/zaid/diffdrive_ws/src/diffdrive_robot/install/diffdrive_robot/lib/python3.12/site-packages/diffdrive_robot/__init__.py to __init__.cpython-312.pyc
[3.185s] running install_data
[3.186s] creating /home/zaid/diffdrive_ws/src/diffdrive_robot/install/diffdrive_robot/share/ament_index
[3.186s] creating /home/zaid/diffdrive_ws/src/diffdrive_robot/install/diffdrive_robot/share/ament_index/resource_index
[3.187s] creating /home/zaid/diffdrive_ws/src/diffdrive_robot/install/diffdrive_robot/share/ament_index/resource_index/packages
[3.187s] copying resource/diffdrive_robot -> /home/zaid/diffdrive_ws/src/diffdrive_robot/install/diffdrive_robot/share/ament_index/resource_index/packages
[3.187s] copying package.xml -> /home/zaid/diffdrive_ws/src/diffdrive_robot/install/diffdrive_robot/share/diffdrive_robot
[3.188s] creating /home/zaid/diffdrive_ws/src/diffdrive_robot/install/diffdrive_robot/share/diffdrive_robot/launch
[3.188s] copying launch/gazebo_sim.launch.py -> /home/zaid/diffdrive_ws/src/diffdrive_robot/install/diffdrive_robot/share/diffdrive_robot/launch
[3.188s] creating /home/zaid/diffdrive_ws/src/diffdrive_robot/install/diffdrive_robot/share/diffdrive_robot/urdf
[3.188s] copying urdf/diffdrive_robot.urdf.xacro -> /home/zaid/diffdrive_ws/src/diffdrive_robot/install/diffdrive_robot/share/diffdrive_robot/urdf
[3.189s] creating /home/zaid/diffdrive_ws/src/diffdrive_robot/install/diffdrive_robot/share/diffdrive_robot/config
[3.189s] copying config/diffdrive_controllers.yaml -> /home/zaid/diffdrive_ws/src/diffdrive_robot/install/diffdrive_robot/share/diffdrive_robot/config
[3.189s] running install_egg_info
[3.243s] Copying build/diffdrive_robot/diffdrive_robot.egg-info to /home/zaid/diffdrive_ws/src/diffdrive_robot/install/diffdrive_robot/lib/python3.12/site-packages/diffdrive_robot-0.0.0-py3.12.egg-info
[3.244s] running install_scripts
[3.573s] writing list of installed files to '/home/zaid/diffdrive_ws/src/diffdrive_robot/build/diffdrive_robot/install.log'
[3.646s] Invoked command in '/home/zaid/diffdrive_ws/src/diffdrive_robot' returned '0': DEBUGINFOD_URLS=https://debuginfod.ubuntu.com PYTHONPATH=/home/zaid/diffdrive_ws/src/diffdrive_robot/build/diffdrive_robot/prefix_override:/usr/lib/python3/dist-packages/colcon_core/task/python/colcon_distutils_commands:/home/zaid/diffdrive_ws/src/diffdrive_robot/install/diffdrive_robot/lib/python3.12/site-packages:${PYTHONPATH} /usr/bin/python3 -W ignore:setup.py install is deprecated -W ignore:easy_install command is deprecated setup.py egg_info --egg-base build/diffdrive_robot build --build-base /home/zaid/diffdrive_ws/src/diffdrive_robot/build/diffdrive_robot/build install --record /home/zaid/diffdrive_ws/src/diffdrive_robot/build/diffdrive_robot/install.log --install-scripts $base/lib/diffdrive_robot --single-version-externally-managed install_data
