[1.790s] Invoking command in '/home/zaid/diffdrive_ws/src/diffdrive_robot': DEBUGINFOD_URLS=https://debuginfod.ubuntu.com PYTHONPATH=/home/zaid/diffdrive_ws/src/diffdrive_robot/build/diffdrive_robot/prefix_override:/usr/lib/python3/dist-packages/colcon_core/task/python/colcon_distutils_commands:/home/zaid/diffdrive_ws/src/diffdrive_robot/install/diffdrive_robot/lib/python3.12/site-packages:${PYTHONPATH} /usr/bin/python3 -W ignore:setup.py install is deprecated -W ignore:easy_install command is deprecated setup.py egg_info --egg-base build/diffdrive_robot build --build-base /home/zaid/diffdrive_ws/src/diffdrive_robot/build/diffdrive_robot/build install --record /home/zaid/diffdrive_ws/src/diffdrive_robot/build/diffdrive_robot/install.log --install-scripts $base/lib/diffdrive_robot --single-version-externally-managed install_data
[2.303s] running egg_info
[2.350s] writing build/diffdrive_robot/diffdrive_robot.egg-info/PKG-INFO
[2.350s] writing dependency_links to build/diffdrive_robot/diffdrive_robot.egg-info/dependency_links.txt
[2.351s] writing requirements to build/diffdrive_robot/diffdrive_robot.egg-info/requires.txt
[2.351s] writing top-level names to build/diffdrive_robot/diffdrive_robot.egg-info/top_level.txt
[2.446s] reading manifest file 'build/diffdrive_robot/diffdrive_robot.egg-info/SOURCES.txt'
[2.448s] writing manifest file 'build/diffdrive_robot/diffdrive_robot.egg-info/SOURCES.txt'
[2.448s] running build
[2.449s] running build_py
[2.449s] running install
[2.464s] running install_lib
[2.513s] running install_data
[2.513s] copying config/diffdrive_controllers.yaml -> /home/zaid/diffdrive_ws/src/diffdrive_robot/install/diffdrive_robot/share/diffdrive_robot/config
[2.513s] running install_egg_info
[2.563s] removing '/home/zaid/diffdrive_ws/src/diffdrive_robot/install/diffdrive_robot/lib/python3.12/site-packages/diffdrive_robot-0.0.0-py3.12.egg-info' (and everything under it)
[2.564s] Copying build/diffdrive_robot/diffdrive_robot.egg-info to /home/zaid/diffdrive_ws/src/diffdrive_robot/install/diffdrive_robot/lib/python3.12/site-packages/diffdrive_robot-0.0.0-py3.12.egg-info
[2.565s] running install_scripts
[2.802s] writing list of installed files to '/home/zaid/diffdrive_ws/src/diffdrive_robot/build/diffdrive_robot/install.log'
[2.836s] Invoked command in '/home/zaid/diffdrive_ws/src/diffdrive_robot' returned '0': DEBUGINFOD_URLS=https://debuginfod.ubuntu.com PYTHONPATH=/home/zaid/diffdrive_ws/src/diffdrive_robot/build/diffdrive_robot/prefix_override:/usr/lib/python3/dist-packages/colcon_core/task/python/colcon_distutils_commands:/home/zaid/diffdrive_ws/src/diffdrive_robot/install/diffdrive_robot/lib/python3.12/site-packages:${PYTHONPATH} /usr/bin/python3 -W ignore:setup.py install is deprecated -W ignore:easy_install command is deprecated setup.py egg_info --egg-base build/diffdrive_robot build --build-base /home/zaid/diffdrive_ws/src/diffdrive_robot/build/diffdrive_robot/build install --record /home/zaid/diffdrive_ws/src/diffdrive_robot/build/diffdrive_robot/install.log --install-scripts $base/lib/diffdrive_robot --single-version-externally-managed install_data
