[0.231s] DEBUG:colcon:Command line arguments: ['/usr/bin/colcon', 'build', '--packages-select', 'diffdrive_robot']
[0.231s] DEBUG:colcon:Parsed command line arguments: Namespace(log_base=None, log_level=None, verb_name='build', build_base='build', install_base='install', merge_install=False, symlink_install=False, test_result_base=None, continue_on_error=False, executor='parallel', parallel_workers=28, event_handlers=None, ignore_user_meta=False, metas=['./colcon.meta'], base_paths=['.'], packages_ignore=None, packages_ignore_regex=None, paths=None, packages_up_to=None, packages_up_to_regex=None, packages_above=None, packages_above_and_dependencies=None, packages_above_depth=None, packages_select_by_dep=None, packages_skip_by_dep=None, packages_skip_up_to=None, packages_select_build_failed=False, packages_skip_build_finished=False, packages_select_test_failures=False, packages_skip_test_passed=False, packages_select=['diffdrive_robot'], packages_skip=None, packages_select_regex=None, packages_skip_regex=None, packages_start=None, packages_end=None, allow_overriding=[], cmake_args=None, cmake_target=None, cmake_target_skip_unavailable=False, cmake_clean_cache=False, cmake_clean_first=False, cmake_force_configure=False, ament_cmake_args=None, catkin_cmake_args=None, catkin_skip_building_tests=False, mixin_files=None, mixin=None, verb_parser=<colcon_mixin.mixin.mixin_argument.MixinArgumentDecorator object at 0x75d1dcd9d5e0>, verb_extension=<colcon_core.verb.build.BuildVerb object at 0x75d1dcec6bd0>, main=<bound method BuildVerb.main of <colcon_core.verb.build.BuildVerb object at 0x75d1dcec6bd0>>, mixin_verb=('build',))
[0.311s] Level 1:colcon.colcon_core.package_discovery:discover_packages(colcon_meta) check parameters
[0.312s] Level 1:colcon.colcon_core.package_discovery:discover_packages(recursive) check parameters
[0.312s] Level 1:colcon.colcon_core.package_discovery:discover_packages(ignore) check parameters
[0.312s] Level 1:colcon.colcon_core.package_discovery:discover_packages(path) check parameters
[0.312s] Level 1:colcon.colcon_core.package_discovery:discover_packages(colcon_meta) discover
[0.312s] Level 1:colcon.colcon_core.package_discovery:discover_packages(recursive) discover
[0.312s] INFO:colcon.colcon_core.package_discovery:Crawling recursively for packages in '/home/zaid/diffdrive_ws/src/diffdrive_robot'
[0.312s] Level 1:colcon.colcon_core.package_identification:_identify(.) by extensions ['ignore', 'ignore_ament_install']
[0.312s] Level 1:colcon.colcon_core.package_identification:_identify(.) by extension 'ignore'
[0.312s] Level 1:colcon.colcon_core.package_identification:_identify(.) by extension 'ignore_ament_install'
[0.313s] Level 1:colcon.colcon_core.package_identification:_identify(.) by extensions ['colcon_pkg']
[0.313s] Level 1:colcon.colcon_core.package_identification:_identify(.) by extension 'colcon_pkg'
[0.313s] Level 1:colcon.colcon_core.package_identification:_identify(.) by extensions ['colcon_meta']
[0.313s] Level 1:colcon.colcon_core.package_identification:_identify(.) by extension 'colcon_meta'
[0.313s] Level 1:colcon.colcon_core.package_identification:_identify(.) by extensions ['ros']
[0.313s] Level 1:colcon.colcon_core.package_identification:_identify(.) by extension 'ros'
[0.381s] DEBUG:colcon.colcon_core.package_identification:Package '.' with type 'ros.ament_python' and name 'diffdrive_robot'
[0.381s] Level 1:colcon.colcon_core.package_discovery:discover_packages(recursive) using defaults
[0.381s] Level 1:colcon.colcon_core.package_discovery:discover_packages(ignore) discover
[0.381s] Level 1:colcon.colcon_core.package_discovery:discover_packages(ignore) using defaults
[0.381s] Level 1:colcon.colcon_core.package_discovery:discover_packages(path) discover
[0.381s] Level 1:colcon.colcon_core.package_discovery:discover_packages(path) using defaults
[0.436s] Level 1:colcon.colcon_core.package_discovery:discover_packages(prefix_path) check parameters
[0.437s] Level 1:colcon.colcon_core.package_discovery:discover_packages(prefix_path) discover
[0.445s] DEBUG:colcon.colcon_installed_package_information.package_discovery:Found 397 installed packages in /opt/ros/jazzy
[0.449s] Level 1:colcon.colcon_core.package_discovery:discover_packages(prefix_path) using defaults
[0.592s] Level 5:colcon.colcon_core.verb:set package 'diffdrive_robot' build argument 'cmake_args' from command line to 'None'
[0.592s] Level 5:colcon.colcon_core.verb:set package 'diffdrive_robot' build argument 'cmake_target' from command line to 'None'
[0.593s] Level 5:colcon.colcon_core.verb:set package 'diffdrive_robot' build argument 'cmake_target_skip_unavailable' from command line to 'False'
[0.593s] Level 5:colcon.colcon_core.verb:set package 'diffdrive_robot' build argument 'cmake_clean_cache' from command line to 'False'
[0.593s] Level 5:colcon.colcon_core.verb:set package 'diffdrive_robot' build argument 'cmake_clean_first' from command line to 'False'
[0.593s] Level 5:colcon.colcon_core.verb:set package 'diffdrive_robot' build argument 'cmake_force_configure' from command line to 'False'
[0.593s] Level 5:colcon.colcon_core.verb:set package 'diffdrive_robot' build argument 'ament_cmake_args' from command line to 'None'
[0.593s] Level 5:colcon.colcon_core.verb:set package 'diffdrive_robot' build argument 'catkin_cmake_args' from command line to 'None'
[0.593s] Level 5:colcon.colcon_core.verb:set package 'diffdrive_robot' build argument 'catkin_skip_building_tests' from command line to 'False'
[0.593s] DEBUG:colcon.colcon_core.verb:Building package 'diffdrive_robot' with the following arguments: {'ament_cmake_args': None, 'build_base': '/home/zaid/diffdrive_ws/src/diffdrive_robot/build/diffdrive_robot', 'catkin_cmake_args': None, 'catkin_skip_building_tests': False, 'cmake_args': None, 'cmake_clean_cache': False, 'cmake_clean_first': False, 'cmake_force_configure': False, 'cmake_target': None, 'cmake_target_skip_unavailable': False, 'install_base': '/home/zaid/diffdrive_ws/src/diffdrive_robot/install/diffdrive_robot', 'merge_install': False, 'path': '/home/zaid/diffdrive_ws/src/diffdrive_robot', 'symlink_install': False, 'test_result_base': None}
[0.593s] INFO:colcon.colcon_core.executor:Executing jobs using 'parallel' executor
[0.595s] DEBUG:colcon.colcon_parallel_executor.executor.parallel:run_until_complete
[0.595s] INFO:colcon.colcon_ros.task.ament_python.build:Building ROS package in '/home/zaid/diffdrive_ws/src/diffdrive_robot' with build type 'ament_python'
[0.596s] Level 1:colcon.colcon_core.shell:create_environment_hook('diffdrive_robot', 'ament_prefix_path')
[0.601s] INFO:colcon.colcon_core.plugin_system:Skipping extension 'colcon_core.shell.bat': Not used on non-Windows systems
[0.602s] INFO:colcon.colcon_core.shell:Creating environment hook '/home/zaid/diffdrive_ws/src/diffdrive_robot/install/diffdrive_robot/share/diffdrive_robot/hook/ament_prefix_path.ps1'
[0.603s] INFO:colcon.colcon_core.shell:Creating environment descriptor '/home/zaid/diffdrive_ws/src/diffdrive_robot/install/diffdrive_robot/share/diffdrive_robot/hook/ament_prefix_path.dsv'
[0.604s] INFO:colcon.colcon_core.shell:Creating environment hook '/home/zaid/diffdrive_ws/src/diffdrive_robot/install/diffdrive_robot/share/diffdrive_robot/hook/ament_prefix_path.sh'
[0.606s] INFO:colcon.colcon_core.shell:Skip shell extension 'powershell' for command environment: Not usable outside of PowerShell
[0.606s] DEBUG:colcon.colcon_core.shell:Skip shell extension 'dsv' for command environment
[1.256s] INFO:colcon.colcon_core.task.python.build:Building Python package in '/home/zaid/diffdrive_ws/src/diffdrive_robot'
[1.257s] INFO:colcon.colcon_core.shell:Skip shell extension 'powershell' for command environment: Not usable outside of PowerShell
[1.257s] DEBUG:colcon.colcon_core.shell:Skip shell extension 'dsv' for command environment
[2.893s] DEBUG:colcon.colcon_core.task.python.build:Available setuptools commands: register, symlink_data, check, test, install_scripts, build_scripts, build_ext, egg_info, install, update_catalog, ptr, upload_docs, extract_messages, upload, bdist, develop, install_headers, bdist_rpm, dist_info, setopt, install_egg_info, install_lib, init_catalog, saveopts, build, compile_catalog, build_clib, sdist, bdist_egg, editable_wheel, bdist_wheel, rotate, build_py, clean, alias, install_data, pytest, bdist_dumb, easy_install
[2.901s] DEBUG:colcon.colcon_core.event_handler.log_command:Invoking command in '/home/zaid/diffdrive_ws/src/diffdrive_robot': DEBUGINFOD_URLS=https://debuginfod.ubuntu.com PYTHONPATH=/home/zaid/diffdrive_ws/src/diffdrive_robot/build/diffdrive_robot/prefix_override:/usr/lib/python3/dist-packages/colcon_core/task/python/colcon_distutils_commands:/home/zaid/diffdrive_ws/src/diffdrive_robot/install/diffdrive_robot/lib/python3.12/site-packages:${PYTHONPATH} /usr/bin/python3 -W ignore:setup.py install is deprecated -W ignore:easy_install command is deprecated setup.py egg_info --egg-base build/diffdrive_robot build --build-base /home/zaid/diffdrive_ws/src/diffdrive_robot/build/diffdrive_robot/build install --record /home/zaid/diffdrive_ws/src/diffdrive_robot/build/diffdrive_robot/install.log --install-scripts $base/lib/diffdrive_robot --single-version-externally-managed install_data
[4.243s] DEBUG:colcon.colcon_core.event_handler.log_command:Invoked command in '/home/zaid/diffdrive_ws/src/diffdrive_robot' returned '0': DEBUGINFOD_URLS=https://debuginfod.ubuntu.com PYTHONPATH=/home/zaid/diffdrive_ws/src/diffdrive_robot/build/diffdrive_robot/prefix_override:/usr/lib/python3/dist-packages/colcon_core/task/python/colcon_distutils_commands:/home/zaid/diffdrive_ws/src/diffdrive_robot/install/diffdrive_robot/lib/python3.12/site-packages:${PYTHONPATH} /usr/bin/python3 -W ignore:setup.py install is deprecated -W ignore:easy_install command is deprecated setup.py egg_info --egg-base build/diffdrive_robot build --build-base /home/zaid/diffdrive_ws/src/diffdrive_robot/build/diffdrive_robot/build install --record /home/zaid/diffdrive_ws/src/diffdrive_robot/build/diffdrive_robot/install.log --install-scripts $base/lib/diffdrive_robot --single-version-externally-managed install_data
[4.248s] Level 1:colcon.colcon_core.environment:checking '/home/zaid/diffdrive_ws/src/diffdrive_robot/install/diffdrive_robot' for CMake module files
[4.250s] Level 1:colcon.colcon_core.environment:checking '/home/zaid/diffdrive_ws/src/diffdrive_robot/install/diffdrive_robot' for CMake config files
[4.251s] Level 1:colcon.colcon_core.environment:checking '/home/zaid/diffdrive_ws/src/diffdrive_robot/install/diffdrive_robot/lib'
[4.252s] Level 1:colcon.colcon_core.environment:checking '/home/zaid/diffdrive_ws/src/diffdrive_robot/install/diffdrive_robot/bin'
[4.252s] Level 1:colcon.colcon_core.environment:checking '/home/zaid/diffdrive_ws/src/diffdrive_robot/install/diffdrive_robot/lib/pkgconfig/diffdrive_robot.pc'
[4.253s] Level 1:colcon.colcon_core.environment:checking '/home/zaid/diffdrive_ws/src/diffdrive_robot/install/diffdrive_robot/lib/python3.12/site-packages'
[4.253s] Level 1:colcon.colcon_core.shell:create_environment_hook('diffdrive_robot', 'pythonpath')
[4.254s] INFO:colcon.colcon_core.shell:Creating environment hook '/home/zaid/diffdrive_ws/src/diffdrive_robot/install/diffdrive_robot/share/diffdrive_robot/hook/pythonpath.ps1'
[4.255s] INFO:colcon.colcon_core.shell:Creating environment descriptor '/home/zaid/diffdrive_ws/src/diffdrive_robot/install/diffdrive_robot/share/diffdrive_robot/hook/pythonpath.dsv'
[4.255s] INFO:colcon.colcon_core.shell:Creating environment hook '/home/zaid/diffdrive_ws/src/diffdrive_robot/install/diffdrive_robot/share/diffdrive_robot/hook/pythonpath.sh'
[4.257s] Level 1:colcon.colcon_core.environment:checking '/home/zaid/diffdrive_ws/src/diffdrive_robot/install/diffdrive_robot/bin'
[4.257s] Level 1:colcon.colcon_core.environment:create_environment_scripts_only(diffdrive_robot)
[4.258s] INFO:colcon.colcon_core.shell:Creating package script '/home/zaid/diffdrive_ws/src/diffdrive_robot/install/diffdrive_robot/share/diffdrive_robot/package.ps1'
[4.261s] INFO:colcon.colcon_core.shell:Creating package descriptor '/home/zaid/diffdrive_ws/src/diffdrive_robot/install/diffdrive_robot/share/diffdrive_robot/package.dsv'
[4.262s] INFO:colcon.colcon_core.shell:Creating package script '/home/zaid/diffdrive_ws/src/diffdrive_robot/install/diffdrive_robot/share/diffdrive_robot/package.sh'
[4.264s] INFO:colcon.colcon_core.shell:Creating package script '/home/zaid/diffdrive_ws/src/diffdrive_robot/install/diffdrive_robot/share/diffdrive_robot/package.bash'
[4.265s] INFO:colcon.colcon_core.shell:Creating package script '/home/zaid/diffdrive_ws/src/diffdrive_robot/install/diffdrive_robot/share/diffdrive_robot/package.zsh'
[4.267s] Level 1:colcon.colcon_core.environment:create_file_with_runtime_dependencies(/home/zaid/diffdrive_ws/src/diffdrive_robot/install/diffdrive_robot/share/colcon-core/packages/diffdrive_robot)
[4.267s] DEBUG:colcon.colcon_parallel_executor.executor.parallel:closing loop
[4.268s] DEBUG:colcon.colcon_parallel_executor.executor.parallel:loop closed
[4.268s] DEBUG:colcon.colcon_parallel_executor.executor.parallel:run_until_complete finished with '0'
[4.269s] DEBUG:colcon.colcon_core.event_reactor:joining thread
[4.283s] INFO:colcon.colcon_core.plugin_system:Skipping extension 'colcon_notification.desktop_notification.terminal_notifier': Not used on non-Darwin systems
[4.283s] INFO:colcon.colcon_core.plugin_system:Skipping extension 'colcon_notification.desktop_notification.win32': Not used on non-Windows systems
[4.283s] INFO:colcon.colcon_notification.desktop_notification:Sending desktop notification using 'notify2'
[4.331s] DEBUG:colcon.colcon_core.event_reactor:joined thread
[4.332s] INFO:colcon.colcon_core.shell:Creating prefix script '/home/zaid/diffdrive_ws/src/diffdrive_robot/install/local_setup.ps1'
[4.335s] INFO:colcon.colcon_core.shell:Creating prefix util module '/home/zaid/diffdrive_ws/src/diffdrive_robot/install/_local_setup_util_ps1.py'
[4.338s] INFO:colcon.colcon_core.shell:Creating prefix chain script '/home/zaid/diffdrive_ws/src/diffdrive_robot/install/setup.ps1'
[4.341s] INFO:colcon.colcon_core.shell:Creating prefix script '/home/zaid/diffdrive_ws/src/diffdrive_robot/install/local_setup.sh'
[4.343s] INFO:colcon.colcon_core.shell:Creating prefix util module '/home/zaid/diffdrive_ws/src/diffdrive_robot/install/_local_setup_util_sh.py'
[4.345s] INFO:colcon.colcon_core.shell:Creating prefix chain script '/home/zaid/diffdrive_ws/src/diffdrive_robot/install/setup.sh'
[4.348s] INFO:colcon.colcon_core.shell:Creating prefix script '/home/zaid/diffdrive_ws/src/diffdrive_robot/install/local_setup.bash'
[4.350s] INFO:colcon.colcon_core.shell:Creating prefix chain script '/home/zaid/diffdrive_ws/src/diffdrive_robot/install/setup.bash'
[4.352s] INFO:colcon.colcon_core.shell:Creating prefix script '/home/zaid/diffdrive_ws/src/diffdrive_robot/install/local_setup.zsh'
[4.354s] INFO:colcon.colcon_core.shell:Creating prefix chain script '/home/zaid/diffdrive_ws/src/diffdrive_robot/install/setup.zsh'
